
> wall-calendar-challenge@0.1.0 build
> next build

npm :  ΓÜá Disabling outputFileTracing will not be an option in the next major 
version. Please report any issues you may be experiencing to 
https://github.com/vercel/next.js/issues
At line:1 char:1
+ npm run build 2>&1 | tee build-output.txt
+ ~~~~~~~~~~~~~~~~~~
    + CategoryInfo          : NotSpecified: ( ΓÜá Disabling .../next.js/issues 
   :String) [], RemoteException
    + FullyQualifiedErrorId : NativeCommandError
 
  Γû▓ Next.js 14.2.5

   Creating an optimized production build ...
uncaughtException [Error: EPERM: operation not permitted, open 
'C:\Users\adith\OneDrive\Desktop\Calender\build\trace'] {
  errno: -4048,
  code: 'EPERM',
  syscall: 'open',
  path: 'C:\\Users\\adith\\OneDrive\\Desktop\\Calender\\build\\trace'
}
